30 1
EEEEEEEEEEEEEEEEEEEEEEEEEEEEENWWWWWWWWWWWWWWWWWWWWWWWWWWWWWNEEEEEEEEEEEEEEEEEEEEEEEEEEEEENWWWWWWWWWWWWWWWWWWWWWWWWWWWWWNEEEEEEEEEEEEEEEEEEEEEEEEEEEEENWWWWWWWWWWWWWWWWWWWWWWWWWWWWWNEEEEEEEEEEEEEEEEEEEEEEEEEEEEENWWWWWWWWWWWWWWWWWWWWWWWWWWWWWNEEEEEEEEEEEEEEEEEEEEEEEEEEEEENWWWWWWWWWWWWWWWWWWWWWWWWWWWWWNEEEEEEEEEEEEEEEEEEEEEEEEEEEEENWWWWWWWWWWWWWWWWWWWWWWWWWWWWWNEEEEEEEEEEEEEEEEEEEEEEEEEEEEENWWWWWWWWWWWWWWWWWWWWWWWWWWWWWNEEEEEEEEEEEEEEEEEEEEEEEEEEEEENWWWWWWWWWWWWWWWWWWWWWWWWWWWWWNEEEEEEEEEEEEEEEEEEEEEEEEEEEEENWWWWWWWWWWWWWWWWWWWWWWWWWWWWWNEEEEEEEEEEEEEEEEEEEEEEEEEEEEENWWWWWWWWWWWWWWWWWWWWWWWWWWWWWNEEEEEEEEEEEEEEEEEEEEEEEEEEEEENWWWWWWWWWWWWWWWWWWWWWWWWWWWWWNEEEEEEEEEEEEEEEEEEEEEEEEEEEEENWWWWWWWWWWWWWWWWWWWWWWWWWWWWWNEEEEEEEEEEEEEEEEEEEEEEEEEEEEENWWWWWWWWWWWWWWWWWWWWWWWWWWWWWNEEEEEEEEEEEEEEEEEEEEEEEEEEEEENWWWWWWWWWWWWWWWWWWWWWWWWWWWWWNEEEEEEEEEEEEEEEEEEEEEEEEEEEEENWWWWWWWWWWWWWWWWWWWWWWWWWWWWW
