900
30 1
EEEEEEEEEEEEEEEEEEEEEEEEEEEEENWWWWWWWWWWWWWWWWWWWWWWWWWWWWWNEEEEEEEEEEEEEEEEEEEEEEEEEEEEENWWWWWWWWWWWWWWWWWWWWWWWWWWWWWNEEEEEEEEEEEEEEEEEEEEEEEEEEEEENWWWWWWWWWWWWWWWWWWWWWWWWWWWWWNEEEEEEEEEEEEEEEEEEEEEEEEEEEEENWWWWWWWWWWWWWWWWWWWWWWWWWWWWWNEEEEEEEEEEEEEEEEEEEEEEEEEEEEENWWWWWWWWWWWWWWWWWWWWWWWWWWWWWNEEEEEEEEEEEEEEEEEEEEEEEEEEEEENWWWWWWWWWWWWWWWWWWWWWWWWWWWWWNEEEEEEEEEEEEEEEEEEEEEEEEEEEEENWWWWWWWWWWWWWWWWWWWWWWWWWWWWWNEEEEEEEEEEEEEEEEEEEEEEEEEEEEENWWWWWWWWWWWWWWWWWWWWWWWWWWWWWNEEEEEEEEEEEEEEEEEEEEEEEEEEEEENWWWWWWWWWWWWWWWWWWWWWWWWWWWWWNEEEEEEEEEEEEEEEEEEEEEEEEEEEEENWWWWWWWWWWWWWWWWWWWWWWWWWWWWWNEEEEEEEEEEEEEEEEEEEEEEEEEEEEENWWWWWWWWWWWWWWWWWWWWWWWWWWWWWNEEEEEEEEEEEEEEEEEEEEEEEEEEEEENWWWWWWWWWWWWWWWWWWWWWWWWWWWWWNEEEEEEEEEEEEEEEEEEEEEEEEEEEEENWWWWWWWWWWWWWWWWWWWWWWWWWWWWWNEEEEEEEEEEEEEEEEEEEEEEEEEEEEENWWWWWWWWWWWWWWWWWWWWWWWWWWWWWNEEEEEEEEEEEEEEEEEEEEEEEEEEEEENWWWWWWWWWWWWWWWWWWWWWWWWWWWWW
