31 31
WWWWWWWWWWWWWWWWWWWWWWWWWWWWWWNNNNNNNNNNNNNNNNNNNNNNNNNNNNNNEEEEEEEEEEEEEEEEEEEEEEEEEEEEEESSSSSSSSSSSSSSSSSSSSSSSSSSSSSWWWWWWWWWWWWWWWWWWWWWWWWWWWWWNNNNNNNNNNNNNNNNNNNNNNNNNNNNEEEEEEEEEEEEEEEEEEEEEEEEEEEESSSSSSSSSSSSSSSSSSSSSSSSSSSWWWWWWWWWWWWWWWWWWWWWWWWWWWNNNNNNNNNNNNNNNNNNNNNNNNNNEEEEEEEEEEEEEEEEEEEEEEEEEESSSSSSSSSSSSSSSSSSSSSSSSSWWWWWWWWWWWWWWWWWWWWWWWWWNNNNNNNNNNNNNNNNNNNNNNNNEEEEEEEEEEEEEEEEEEEEEEEESSSSSSSSSSSSSSSSSSSSSSSWWWWWWWWWWWWWWWWWWWWWWWNNNNNNNNNNNNNNNNNNNNNNEEEEEEEEEEEEEEEEEEEEEESSSSSSSSSSSSSSSSSSSSSWWWWWWWWWWWWWWWWWWWWWNNNNNNNNNNNNNNNNNNNNEEEEEEEEEEEEEEEEEEEESSSSSSSSSSSSSSSSSSSWWWWWWWWWWWWWWWWWWWNNNNNNNNNNNNNNNNNNEEEEEEEEEEEEEEEEEESSSSSSSSSSSSSSSSSWWWWWWWWWWWWWWWWWNNNNNNNNNNNNNNNNEEEEEEEEEEEEEEEESSSSSSSSSSSSSSSWWWWWWWWWWWWWWWNNNNNNNNNNNNNNEEEEEEEEEEEEEESSSSSSSSSSSSSWWWWWWWWWWWWWNNNNNNNNNNNNEEEEEEEEEEEESSSSSSSSSSSWWWWWWWWWWWNNNNNNNNNNEEEEEEEEEESSSSSSSSSWWWWWWWWWNNNNNNNNEEEEEEEESSSSSSSWWWWWWWNNNNNNEEEEEESSSSSWWWWWNNNNEEEESSSWWWNNEESW
